24
29
pjqrqrrrrnxxxxxpqqnxxplqqqlnxpqqrnnxxxpprrrrrrrrnx
pjqqqqqqlnxxxxxpqrnxxplqqqlnxprqqnnxxxppjqrqrqqlnx
pjqrqqrrlnxxxxxpqqnxxprrqqrnxpqqqngooofpjqqqqqrlnx
frqrqq@qlgooooofqqgooflqqqrgofqqqgooooofjqqq@qqlgo
krqrqqqqlqqqqqqqq@qqqqlqqqrkkkkkkrkkrkkkbqqqqqqlqq
qrqrqqrrrhmmmmmeqqhmmelqqqrqqqqqqrqqrqqqqqqrqqqlhm
rrqqqqqqlnhoooeprqnxxplqqqrqqqrqqrqqrqqrqqqqqrqlnx
qqqqqqqqlnnxxxppqqnxxprrqqqqqqrqqqqqrqqrqqqqqqqlnx
iaqqrrrrrnnxxxppqqgoofrrrqliiiriiiiiriiraqqqqqqlnx
ej@qqqqqlnnxxxppqqqrqqlqqqlnmmeqhmeqhmmejqq@qqqlnx
pjqqqqqqlnnxxxpp@qqqqqlqqqlnxxpqnxpqnxxpjqqqqrrrnx
pjrrrqqrlnnxxxppqqhmmelqrrlnxxpqnxpqnxxpjqqqqrqlnx
prrqqqqqlnnxxxppqqnxxplqqqlnxxpqnxpqnxxpjqqrqrqlnx
pjqqqqqqlngooofpqqnxxplqqqlnxxpqnxpqnxxpjqqrqrqlnx
fjqrrrrrlgooooofrqgoofrrrrrgoofqgofqgoofrqqrqqqlgo
kbqqqqqqcrkkkkrkkkkkkkbqqqckrkkkkrkkkkkkrqqrqqqcrk
qqqqqq@qqrqqqqrqqqqrqqqqrrqqrqqqqrqqqqqqrqqqqqrqrq
qqqqqqqqqrqqqqqqqqqrqqrqrqqqqqqrqqqqrqqqrqrqqqrqqq
irrrrqqqdriiiiiiiiiriiaqrqdiiiiriiiiriiiaqrqrrrlii
qjqqqqqqlhmeqhmmmeqhmejqqqlhmmmmmeqqhmmelqrqqqqlnm
kbqqrrrrlnxpqnxxxpqnxpjqrrrnhmmmepqrnxxplqrrrqqlnx
qqqqqqqqlgofqgooofqgofjqqqlnnxxxppqqnxxplqqqqqqlnx
qq@qqqqqlqqqqqqrqq@qqqjqrqlnnxxxppqqnxxplqqrrrrlnx
rqqqqqqqlqqrqqqqqqqqqqjqqqlngooofprqnxxplqqqqqqlnx
qqqqrrrrlhmeqhmmmeqhmejqqrlgooooofqqgoofrrrrqqqlgo
iaqqqqqqlnxpqnxxxpqnxpjrqqlqqqqrqqqqqqqrlqqqqqqckk
rrrrqqrqlgofqgooofqgofjqqqlhmeqhmeqqhmmelqqrqqrqqq
kbqqqqrqckkkkkkkkkkkkrrrrqlnxpqnxpqqnxxplqqqqqqqqr
qqqqqqrqqqqrqqrqqqrqqqqqqqlnxpqnxpqrnxxplqrrrqqdii
qqqqrrrrqqqrqqrqqqrqqqqqqqlnxpqnxpqqgooflqqqqqqlhm
iaqqqqqqdiiiiiiiiiiiiiaqqqlnxpqnxprqqqrqlqqqqqqlnx
ejqqqqqqlhmmeqhmeqhmmerrqqlgofqgofqqqqqqlrqqrrrlnx
prrrqrrrrnxxpqnxpqnxxpjqqqlqqqqqqqqqhmmelqqqqqqlnx
pjqqqqqqlnxxpqnxpqnxxpjqrrrhmmmmmeqqnxxplqqqqrqlnx
pjqqqqqqlnxxpqnxpqnxxpjqqqlnxxxxxpqqnxxplqqrqqqlgo
prrrrrqrrnxxpqnxpqnxxpjqqqlgooooofrqgooflqqqqrqlqq
fjqqqqqqlgoofqgofqgoofrrrqckkkkkkkkkkkkkbqqqqqqlhm
qjqqqqqqlqqqq@qqrqqqqqjqqqqqqqqqqqqqqqqqqqqqqrqlnx
qjqqqqqqlqrqqqqqqqqqqrjqqqqrrqqqqrrqqrqqrqrqqqqlnx
ejqqqqqqlhmmeqhmeqhmmejqqqqqrqqqqrqqqrqqrqqqqqrlnx
prrqrrrrrnxxpqnxpqnxxpjqqqqqrqqqqqqqqrqqrqqqqqqlnx
pjqqqqqqlnxxpqnxpqnxxpjqqqdiiiiiiiiiiiiiaqqqrqqlnx
pjqqqqqqlnxxpqnxpqnxxpjqqqlhmeqrqhmmmmmejqqqqqqlnx
pjqqqqqqlnxxpqnxpqnxxpjqqqlnxpqrqnxxxxxpjqrrrqqlnx
frrrrrrrrgoofqgofqgoofjqqqlgofqrqgooooofrqqqqqqlgo
kbqqqqqqckkkkkkkrkkkkkbrrrckkkkkkkkkrkkkrrrrrqrckk
qqqqqqrqqqqqqqrrrqq@rqqqqqqrqqrqqqqqqqqqqqqqqqqqqq
qqqqqqrqqqrqqqrqqqqqrqrqqrqqqqrqqqrqqrqqqqqrrrqqrq
qqqqqqqqqqrqqqrqqqqqrqqqqqqqqqrqqqqqqqqqqqqrqqqqqq
rrrrrrqqdiriiiiiiiiiiiaqqqdriiiiiiiiiiriaqqrqrrrrr
