24
29
pjqrqrrrrnxxxxxpqqnxxplqqqlnxpqqrnnxxxpprrrrrrrrnx
pjqqqqqqlnxxxxxpqrnxxplqqqlnxprqqnnxxxppjqrqrqqlnx
pjqrqqrrlnxxxxxpqqnxxprrqqrnxpqqqngooofpjqqqqqrlnx
frqrqq@qlgooooofqqgooflqqqrgofqqqgooooofjqqq@qqlgo
krqrqqqqlqqqqqqqq@qqqqlqqqrkkkkkkrkkrkkkbqqqqqqlqq
qrqrqqrrrhmmmmmeqqhmmelqqqrqqqqqqrqqrqqqqqqrqqqlhm
rrqqqqqqlnhoooeprqnxxplqqqrq@qrqqrqqrqqrqqqqqrqlnx
qqqqqqqqlnnxxxppqqnxxprrqqqqqqrqqqqqrqqrqqqqqqqlnx
iaqqrrrrrnnxxxppqqgoofrrrqliiiriiiiiriiraqqqqqqlnx
ej@qqqqqlnnxxxppqqqrqqlqqqlnmmeqhmeqhmmejqq@qqqlnx
pjqqqqqqlnnxxxpp@qqqqqlqqqlnxxpqnxpqnxxpjqqqqrrrnx
pjrrrqqrlnnxxxppqqhmmelqrrlnxxpqnxpqnxxpjqqqqrqlnx
prrqqqqqlnnxxxppqqnxxplqqqlnxxpqnxpqnxxpjqqrqrqlnx
pjqqqqqqlngooofpqqnxxplqqqlnxxpqnxpqnxxpjqqrqrqlnx
fjqrrrrrlgooooofrqgoofrrrrrgoofqgofqgoofrqqrqqqlgo
kbqqqqqqcrkkkkrkkkkkkkbqqqckrkkkkrkkkkkkrqqrqqqcrk
qqqqqq@qqrqqqqrqqqqrqqqqrrqqrqqqqrqqqqqqrqqqqqrqrq
qqqqqqqqqrqqqqqqq@qrqqrqrqqqqqqrqqqqrqqqrqrqqqrqqq
irrrrqqqdriiiiiiiiiriiaqrqdiiiiriiiiriiiaqrqrrrlii
qjqqqqqqlhmeqhmmmeqhmejqqqlhmmmmmeqqhmmelqrqqqqlnm
kbqqrrrrlnxpqnxxxpqnxpjqrrrnhmmmepqrnxxplqrrrqqlnx
qqqqqqqqlgofqgooofqgofjqqqlnnxxxppqqnxxplqqqqqqlnx
qq@qqqqqlqqqqqqrqq@qqqjqrqlnnxxxppqqnxxplqqrrrrlnx
rqqqqqqqlq@rqqqqqqqqqqjqqqlngooofprqnxxplqqqqqqlnx
qqqqrrrrlhmeqhmmmeqhmejqqrlgooooofqqgoofrrrrqqqlgo
iaqqqqqqlnxpqnxxxpqnxpjrqqlqqqqrqqq@qqqrlqqqqqqckk
rrrrqqrqlgofqgooofqgofjqqqlhmeqhmeqqhmmelqqr@qrqqq
kbqqqqrqckkkkkkkkkkkkrrrrqlnxpqnxpqqnxxplqqqqqqqqr
qqqq@qrqqqqrqqrqqqrqqqqqqqlnxpqnxpqrnxxplqrrrqqdii
qqqqrrrrqqqrqqrqqqrqqq@qqqlnxpqnxpqqgooflqqqqqqlhm
iaqqqqqqdiiiiiiiiiiiiiaqqqlnxpqnxprqqqrqlqqqqqqlnx
ejqqqqqqlhmmeqhmeqhmmerrqqlgofqgofqqqqqqlrqqrrrlnx
prrrqrrrrnxxpqnxpqnxxpjqqqlqqqqqqqqqhmmelqqqqqqlnx
pjqqq@qqlnxxpqnxpqnxxpjqrrrhmmmmmeqqnxxplqqqqrqlnx
pjqqqqqqlnxxpqnxpqnxxpjqqqlnxxxxxpqqnxxplqqrqqqlgo
prrrrrqrrnxxpqnxpqnxxpjqqqlgooooofrqgooflqqqqrqlqq
fjqqqqqqlgoofqgofqgoofrrrqckkkkkkkkkkkkkbqqqqqqlhm
qjqqqqqqlqqqq@qqrqqqqqjqqqqqqqqqqqqqqqqqqqqqqrqlnx
qjqqq@qqlqrqqqqqqqqqqrjqqqqrrqqqqrrqqrqqrqrq@qqlnx
ejqqqqqqlhmmeqhmeqhmmejq@qqqrqq@qrqqqrqqrqqqqqrlnx
prrqrrrrrnxxpqnxpqnxxpjqqqqqrqqqqqqqqrqqrq@qqqqlnx
pjqqqqqqlnxxpqnxpqnxxpjqqqdiiiiiiiiiiiiiaqqqrqqlnx
pjqqq@qqlnxxpqnxpqnxxpjqqqlhmeqrqhmmmmmejqqqqqqlnx
pjqqqqqqlnxxpqnxpqnxxpjq@qlnxpqrqnxxxxxpjqrrrqqlnx
frrrrrrrrgoofqgofqgoofjqqqlgofqrqgooooofrqqqqqqlgo
kbqqqqqqckkkkkkkrkkkkkbrrrckkkkkkkkkrkkkrrrrrqrckk
qqqqqqrqqqqqqqrrrqq@rqqqqqqrqqrqqqqqqqqqqqqqqqqqqq
qqq@qqrqqqrqqqrqqqqqrqrqqrqqqqrq@qrqqrqq@qqrrrqqrq
qqqqqqqqqqrqqqrqqqqqrqqqqqqqqqrqqqqqqqqqqqqrqqqqqq
rrrrrrqqdiriiiiiiiiiiiaqqqdriiiiiiiiiiriaqqrqrrrrr
